 Input: A
Output: Following:
Output: ------
Output: Input username of user to follow:
Output: Following:
Output: A
Output: ------
Output: Input username of user to follow:
