Output: Following:
Output: ------
Output: Input username of user to follow:
 Error: Timeout reached.
 Error: Process did not end.
