 Input: A
Output: Blocked users:
Output: ------
Output: Input username of user to block:
Output: Blocked users:
Output: A
Output: ------
Output: Input username of user to block:
 Error: Process did not end.
