Output: Users:
Output: ------
Output: Username:
 Error: Timeout of 3000000 microseconds reached.
 Error: Process did not end.
