Output: Blocked users:
Output: ------
Output: Input username of user to block:
 Error: Process did not end.
