Users:
------
Username:
> A
Users:
A
------
Username:
> B
Users:
B#8153
A#9481
------
Username:
> C
Discriminator:
> 1234
Users:
C#1234
B#8153
A#9481
------
Username:
> D
Discriminator:
> 2345
Users:
D#2345
C#1234
B#8153
A#9481
------
Tag:
> E#3456
Users:
E#3456
D#2345
C#1234
B#8153
A#9481
------
Tag:
> F#4567
