Output: Blocked users:
Output: ------
Output: Input username of user to block:
 Input: A
Output: Blocked users:
Output: A
Output: ------
Output: Input username of user to block:
  Info: Update signal sent.
 Input: B
Output: Blocked users:
Output: A#8153
Output: B#9481
Output: ------
Output: Input nickname of user to block:
 Input: C
Output: Input user ID of user to block:
 Input: 1234
Output: Blocked users:
Output: A#8153
Output: B#9481
Output: C#1234
Output: ------
Output: Input nickname of user to block:
  Info: Update signal sent.
 Input: D
Output: Input user ID of user to block:
 Input: 2345
Output: Blocked users:
Output: A#8153
Output: B#9481
Output: C#1234
Output: D#2345
Output: ------
Output: Input tag of user to block:
 Input: E#3456
Output: Blocked users:
Output: A#8153
Output: B#9481
Output: C#1234
Output: D#2345
Output: E#3456
Output: ------
Output: Input tag of user to block:
  Info: Update signal sent.
 Input: F#4567
